// Jest Snapshot v1, https://goo.gl/fbAQLP

exports[`ExampleComponent renders correctly 1`] = `
<View>
  <Text>
    Hello, Expo Jest Testing!
  </Text>
</View>
`;
